MPLINK 4.46, Linker
Linker Map File - Created Mon Jan 02 10:06:33 2017

                                 Section Info
                  Section       Type    Address   Location Size(Bytes)
                ---------  ---------  ---------  ---------  ---------
             RESET_VECTOR       code   0x000000    program   0x000004
                   .cinit    romdata   0x000004    program   0x000002
            HI_INT_VECTOR       code   0x000008    program   0x000002
           LOW_INT_VECTOR       code   0x000018    program   0x000002
                    .code       code   0x00001a    program   0x0000e4
              DATA_EEPROM       code   0xf00000    program   0x000010
               .udata_acs      udata   0x000000       data   0x000001
                   .udata      udata   0x000060       data   0x000006



                              Program Memory Usage 
                               Start         End      
                           ---------   ---------      
                            0x000000    0x000005      
                            0x000008    0x000009      
                            0x000018    0x0000fd      
                            0xf00000    0xf0000f      
            254 out of 33048 program addresses used, program memory utilization is 0%



                              Symbols - Sorted by Name
                     Name    Address   Location    Storage File                     
                ---------  ---------  ---------  --------- ---------                
                    AGAIN   0x0000cc    program     static C:\Users\MBaqirAli\Desktop\LCD_Code _1.asm
                   AGAINN   0x0000f4    program     static C:\Users\MBaqirAli\Desktop\LCD_Code _1.asm
                  COMNWRT   0x0000d0    program     static C:\Users\MBaqirAli\Desktop\LCD_Code _1.asm
                  DATAWRT   0x0000e0    program     static C:\Users\MBaqirAli\Desktop\LCD_Code _1.asm
                  HighInt   0x00001a    program     static C:\Users\MBaqirAli\Desktop\LCD_Code _1.asm
                   LDELAY   0x0000f0    program     static C:\Users\MBaqirAli\Desktop\LCD_Code _1.asm
                   LowInt   0x00001c    program     static C:\Users\MBaqirAli\Desktop\LCD_Code _1.asm
                     Main   0x000036    program     static C:\Users\MBaqirAli\Desktop\LCD_Code _1.asm
                 BSR_TEMP   0x000062       data     static C:\Users\MBaqirAli\Desktop\LCD_Code _1.asm
                    COUNT   0x000063       data     static C:\Users\MBaqirAli\Desktop\LCD_Code _1.asm
                     DVAR   0x000064       data     static C:\Users\MBaqirAli\Desktop\LCD_Code _1.asm
                    DVAR2   0x000065       data     static C:\Users\MBaqirAli\Desktop\LCD_Code _1.asm
                  EXAMPLE   0x000000       data     static C:\Users\MBaqirAli\Desktop\LCD_Code _1.asm
              STATUS_TEMP   0x000061       data     static C:\Users\MBaqirAli\Desktop\LCD_Code _1.asm
                WREG_TEMP   0x000060       data     static C:\Users\MBaqirAli\Desktop\LCD_Code _1.asm



                              Symbols - Sorted by Address
                     Name    Address   Location    Storage File                     
                ---------  ---------  ---------  --------- ---------                
                  HighInt   0x00001a    program     static C:\Users\MBaqirAli\Desktop\LCD_Code _1.asm
                   LowInt   0x00001c    program     static C:\Users\MBaqirAli\Desktop\LCD_Code _1.asm
                     Main   0x000036    program     static C:\Users\MBaqirAli\Desktop\LCD_Code _1.asm
                    AGAIN   0x0000cc    program     static C:\Users\MBaqirAli\Desktop\LCD_Code _1.asm
                  COMNWRT   0x0000d0    program     static C:\Users\MBaqirAli\Desktop\LCD_Code _1.asm
                  DATAWRT   0x0000e0    program     static C:\Users\MBaqirAli\Desktop\LCD_Code _1.asm
                   LDELAY   0x0000f0    program     static C:\Users\MBaqirAli\Desktop\LCD_Code _1.asm
                   AGAINN   0x0000f4    program     static C:\Users\MBaqirAli\Desktop\LCD_Code _1.asm
                  EXAMPLE   0x000000       data     static C:\Users\MBaqirAli\Desktop\LCD_Code _1.asm
                WREG_TEMP   0x000060       data     static C:\Users\MBaqirAli\Desktop\LCD_Code _1.asm
              STATUS_TEMP   0x000061       data     static C:\Users\MBaqirAli\Desktop\LCD_Code _1.asm
                 BSR_TEMP   0x000062       data     static C:\Users\MBaqirAli\Desktop\LCD_Code _1.asm
                    COUNT   0x000063       data     static C:\Users\MBaqirAli\Desktop\LCD_Code _1.asm
                     DVAR   0x000064       data     static C:\Users\MBaqirAli\Desktop\LCD_Code _1.asm
                    DVAR2   0x000065       data     static C:\Users\MBaqirAli\Desktop\LCD_Code _1.asm


